+ dfx canister call --network http://127.0.0.1:8080 --identity codex_local --query --candid /home/codexdev/src/IO/../ic/rs/ledger_suite/icrc1/index-ng/index-ng.did 7pnye-yp777-77776-qaaca-cai ledger_id \(\)
(principal "75lp5-u7777-77776-qaaba-cai")
command: dfx canister call --network http://127.0.0.1:8080 --identity codex_local --query --candid /home/codexdev/src/IO/../ic/rs/ledger_suite/icrc1/index-ng/index-ng.did 7pnye-yp777-77776-qaaca-cai ledger_id \(\)
exit_status=0
(record { num_blocks_synced = 9 : nat })
(record { num_blocks_synced = 11 : nat })
+ dfx canister call --network http://127.0.0.1:8080 --identity codex_local --query --candid /home/codexdev/src/IO/../ic/rs/ledger_suite/icrc1/index-ng/index-ng.did 7pnye-yp777-77776-qaaca-cai get_account_transactions \(record\ \{\ account\ =\ record\ \{\ owner\ =\ principal\ \"lxzze-o7777-77777-aaaaa-cai\"\;\ subaccount\ =\ opt\ blob\ \"\\01\\01\\01\\01\\01\\01\\01\\01\\01\\01\\01\\01\\01\\01\\01\\01\\01\\01\\01\\01\\01\\01\\01\\01\\01\\01\\01\\01\\01\\01\\01\\01\"\ \}\;\ start\ =\ null\;\ max_results\ =\ 100\ :\ nat\ \}\)
(
  variant {
    Ok = record {
      balance = 10_020_000_000 : nat;
      transactions = vec {
        record {
          id = 10 : nat;
          transaction = record {
            burn = null;
            kind = "transfer";
            mint = null;
            approve = null;
            authorized_burn = null;
            authorized_mint = null;
            fee_collector = null;
            timestamp = 1_786_692_222_172_832_937 : nat64;
            transfer = opt record {
              to = record {
                owner = principal "lxzze-o7777-77777-aaaaa-cai";
                subaccount = opt blob "\01\01\01\01\01\01\01\01\01\01\01\01\01\01\01\01\01\01\01\01\01\01\01\01\01\01\01\01\01\01\01\01";
              };
              fee = opt (10_000 : nat);
              from = record {
                owner = principal "amzih-bssz4-twanl-zf6nr-bqsnn-d7rlt-eerbc-oe7vv-uggn5-3naqo-3ae";
                subaccount = null;
              };
              memo = opt blob "\a2\9c\3d\6b\83\62\aa\1a\a7\ad\17\f5\26\ed\e7\c5\8f\4a\19\9e\59\4e\7d\04\64\1e\e4\9e\fc\1e\96\c6";
              created_at_time = opt (1_786_692_221_579_400_942 : nat64);
              amount = 20_000_000 : nat;
              spender = opt record {
                owner = principal "lxzze-o7777-77777-aaaaa-cai";
                subaccount = null;
              };
            };
          };
        };
        record {
          id = 6 : nat;
          transaction = record {
            burn = null;
            kind = "transfer";
            mint = null;
            approve = null;
            authorized_burn = null;
            authorized_mint = null;
            fee_collector = null;
            timestamp = 1_786_692_207_423_616_748 : nat64;
            transfer = opt record {
              to = record {
                owner = principal "lxzze-o7777-77777-aaaaa-cai";
                subaccount = opt blob "\01\01\01\01\01\01\01\01\01\01\01\01\01\01\01\01\01\01\01\01\01\01\01\01\01\01\01\01\01\01\01\01";
              };
              fee = opt (10_000 : nat);
              from = record {
                owner = principal "7uieb-cx777-77776-qaaaq-cai";
                subaccount = opt blob "\f6\e6\61\a6\92\e3\37\ba\89\9c\f0\b9\a3\61\08\69\cf\8a\72\8e\b5\98\9f\ce\f7\bb\7e\eb\8a\00\40\a1";
              };
              memo = opt blob "\00\00\00\00\00\00\05\dd";
              created_at_time = null;
              amount = 10_000_000_000 : nat;
              spender = null;
            };
          };
        };
      };
      oldest_tx_id = opt (6 : nat);
    }
  },
)
command: dfx canister call --network http://127.0.0.1:8080 --identity codex_local --query --candid /home/codexdev/src/IO/../ic/rs/ledger_suite/icrc1/index-ng/index-ng.did 7pnye-yp777-77776-qaaca-cai get_account_transactions \(record\ \{\ account\ =\ record\ \{\ owner\ =\ principal\ \"lxzze-o7777-77777-aaaaa-cai\"\;\ subaccount\ =\ opt\ blob\ \"\\01\\01\\01\\01\\01\\01\\01\\01\\01\\01\\01\\01\\01\\01\\01\\01\\01\\01\\01\\01\\01\\01\\01\\01\\01\\01\\01\\01\\01\\01\\01\\01\"\ \}\;\ start\ =\ null\;\ max_results\ =\ 100\ :\ nat\ \}\)
exit_status=0
+ dfx canister call --network http://127.0.0.1:8080 --identity codex_local --query --candid /home/codexdev/src/IO/../ic/rs/ledger_suite/icrc1/index-ng/index-ng.did 7pnye-yp777-77776-qaaca-cai get_account_transactions \(record\ \{\ account\ =\ record\ \{\ owner\ =\ principal\ \"amzih-bssz4-twanl-zf6nr-bqsnn-d7rlt-eerbc-oe7vv-uggn5-3naqo-3ae\"\;\ subaccount\ =\ null\ \}\;\ start\ =\ null\;\ max_results\ =\ 100\ :\ nat\ \}\)
(
  variant {
    Ok = record {
      balance = 79_970_000 : nat;
      transactions = vec {
        record {
          id = 10 : nat;
          transaction = record {
            burn = null;
            kind = "transfer";
            mint = null;
            approve = null;
            authorized_burn = null;
            authorized_mint = null;
            fee_collector = null;
            timestamp = 1_786_692_222_172_832_937 : nat64;
            transfer = opt record {
              to = record {
                owner = principal "lxzze-o7777-77777-aaaaa-cai";
                subaccount = opt blob "\01\01\01\01\01\01\01\01\01\01\01\01\01\01\01\01\01\01\01\01\01\01\01\01\01\01\01\01\01\01\01\01";
              };
              fee = opt (10_000 : nat);
              from = record {
                owner = principal "amzih-bssz4-twanl-zf6nr-bqsnn-d7rlt-eerbc-oe7vv-uggn5-3naqo-3ae";
                subaccount = null;
              };
              memo = opt blob "\a2\9c\3d\6b\83\62\aa\1a\a7\ad\17\f5\26\ed\e7\c5\8f\4a\19\9e\59\4e\7d\04\64\1e\e4\9e\fc\1e\96\c6";
              created_at_time = opt (1_786_692_221_579_400_942 : nat64);
              amount = 20_000_000 : nat;
              spender = opt record {
                owner = principal "lxzze-o7777-77777-aaaaa-cai";
                subaccount = null;
              };
            };
          };
        };
        record {
          id = 9 : nat;
          transaction = record {
            burn = null;
            kind = "approve";
            mint = null;
            approve = opt record {
              fee = opt (10_000 : nat);
              from = record {
                owner = principal "amzih-bssz4-twanl-zf6nr-bqsnn-d7rlt-eerbc-oe7vv-uggn5-3naqo-3ae";
                subaccount = null;
              };
              memo = opt blob "IO redemption";
              created_at_time = opt (1_786_692_220_826_930_089 : nat64);
              amount = 20_010_000 : nat;
              expected_allowance = null;
              expires_at = opt (1_786_693_020_826_930_089 : nat64);
              spender = record {
                owner = principal "lxzze-o7777-77777-aaaaa-cai";
                subaccount = null;
              };
            };
            authorized_burn = null;
            authorized_mint = null;
            fee_collector = null;
            timestamp = 1_786_692_220_855_666_049 : nat64;
            transfer = null;
          };
        };
        record {
          id = 8 : nat;
          transaction = record {
            burn = null;
            kind = "transfer";
            mint = null;
            approve = null;
            authorized_burn = null;
            authorized_mint = null;
            fee_collector = null;
            timestamp = 1_786_692_208_505_700_493 : nat64;
            transfer = opt record {
              to = record {
                owner = principal "amzih-bssz4-twanl-zf6nr-bqsnn-d7rlt-eerbc-oe7vv-uggn5-3naqo-3ae";
                subaccount = null;
              };
              fee = opt (10_000 : nat);
              from = record {
                owner = principal "amzih-bssz4-twanl-zf6nr-bqsnn-d7rlt-eerbc-oe7vv-uggn5-3naqo-3ae";
                subaccount = null;
              };
              memo = opt blob "IO duplicate";
              created_at_time = opt (1_786_692_208_431_959_793 : nat64);
              amount = 1_000_000 : nat;
              spender = null;
            };
          };
        };
        record {
          id = 7 : nat;
          transaction = record {
            burn = null;
            kind = "transfer";
            mint = null;
            approve = null;
            authorized_burn = null;
            authorized_mint = null;
            fee_collector = null;
            timestamp = 1_786_692_208_023_392_856 : nat64;
            transfer = opt record {
              to = record {
                owner = principal "amzih-bssz4-twanl-zf6nr-bqsnn-d7rlt-eerbc-oe7vv-uggn5-3naqo-3ae";
                subaccount = null;
              };
              fee = opt (10_000 : nat);
              from = record {
                owner = principal "7uieb-cx777-77776-qaaaq-cai";
                subaccount = opt blob "\f6\e6\61\a6\92\e3\37\ba\89\9c\f0\b9\a3\61\08\69\cf\8a\72\8e\b5\98\9f\ce\f7\bb\7e\eb\8a\00\40\a1";
              };
              memo = opt blob "\00\00\00\00\00\00\05\de";
              created_at_time = null;
              amount = 100_000_000 : nat;
              spender = null;
            };
          };
        };
      };
      oldest_tx_id = opt (7 : nat);
    }
  },
)
command: dfx canister call --network http://127.0.0.1:8080 --identity codex_local --query --candid /home/codexdev/src/IO/../ic/rs/ledger_suite/icrc1/index-ng/index-ng.did 7pnye-yp777-77776-qaaca-cai get_account_transactions \(record\ \{\ account\ =\ record\ \{\ owner\ =\ principal\ \"amzih-bssz4-twanl-zf6nr-bqsnn-d7rlt-eerbc-oe7vv-uggn5-3naqo-3ae\"\;\ subaccount\ =\ null\ \}\;\ start\ =\ null\;\ max_results\ =\ 100\ :\ nat\ \}\)
exit_status=0
treasury_account_history=/home/codexdev/.cache/io/sns-framework/runs/lifecycle-sns-1786691585541720664-27914/generated/treasury-account-history.log
(
  variant {
    Ok = record {
      balance = 79_989_899_980_000 : nat;
      transactions = vec {
        record {
          id = 7 : nat;
          transaction = record {
            burn = null;
            kind = "transfer";
            mint = null;
            approve = null;
            authorized_burn = null;
            authorized_mint = null;
            fee_collector = null;
            timestamp = 1_786_692_208_023_392_856 : nat64;
            transfer = opt record {
              to = record {
                owner = principal "amzih-bssz4-twanl-zf6nr-bqsnn-d7rlt-eerbc-oe7vv-uggn5-3naqo-3ae";
                subaccount = null;
              };
              fee = opt (10_000 : nat);
              from = record {
                owner = principal "7uieb-cx777-77776-qaaaq-cai";
                subaccount = opt blob "\f6\e6\61\a6\92\e3\37\ba\89\9c\f0\b9\a3\61\08\69\cf\8a\72\8e\b5\98\9f\ce\f7\bb\7e\eb\8a\00\40\a1";
              };
              memo = opt blob "\00\00\00\00\00\00\05\de";
              created_at_time = null;
              amount = 100_000_000 : nat;
              spender = null;
            };
          };
        };
        record {
          id = 6 : nat;
          transaction = record {
            burn = null;
            kind = "transfer";
            mint = null;
            approve = null;
            authorized_burn = null;
            authorized_mint = null;
            fee_collector = null;
            timestamp = 1_786_692_207_423_616_748 : nat64;
            transfer = opt record {
              to = record {
                owner = principal "lxzze-o7777-77777-aaaaa-cai";
                subaccount = opt blob "\01\01\01\01\01\01\01\01\01\01\01\01\01\01\01\01\01\01\01\01\01\01\01\01\01\01\01\01\01\01\01\01";
              };
              fee = opt (10_000 : nat);
              from = record {
                owner = principal "7uieb-cx777-77776-qaaaq-cai";
                subaccount = opt blob "\f6\e6\61\a6\92\e3\37\ba\89\9c\f0\b9\a3\61\08\69\cf\8a\72\8e\b5\98\9f\ce\f7\bb\7e\eb\8a\00\40\a1";
              };
              memo = opt blob "\00\00\00\00\00\00\05\dd";
              created_at_time = null;
              amount = 10_000_000_000 : nat;
              spender = null;
            };
          };
        };
        record {
          id = 2 : nat;
          transaction = record {
            burn = null;
            kind = "mint";
            mint = opt record {
              to = record {
                owner = principal "7uieb-cx777-77776-qaaaq-cai";
                subaccount = opt blob "\f6\e6\61\a6\92\e3\37\ba\89\9c\f0\b9\a3\61\08\69\cf\8a\72\8e\b5\98\9f\ce\f7\bb\7e\eb\8a\00\40\a1";
              };
              fee = null;
              memo = null;
              created_at_time = opt (1_786_692_019_442_616_176 : nat64);
              amount = 80_000_000_000_000 : nat;
            };
            approve = null;
            authorized_burn = null;
            authorized_mint = null;
            fee_collector = null;
            timestamp = 1_786_692_019_442_616_176 : nat64;
            transfer = null;
          };
        };
      };
      oldest_tx_id = opt (2 : nat);
    }
  },
)
+ dfx canister call --network http://127.0.0.1:8080 --identity codex_local --query --candid /home/codexdev/src/IO/../ic/rs/ledger_suite/icrc1/ledger/ledger.did 75lp5-u7777-77776-qaaba-cai icrc3_get_archives \(record\ \{\ from\ =\ null\ \}\)
(vec {})
command: dfx canister call --network http://127.0.0.1:8080 --identity codex_local --query --candid /home/codexdev/src/IO/../ic/rs/ledger_suite/icrc1/ledger/ledger.did 75lp5-u7777-77776-qaaba-cai icrc3_get_archives \(record\ \{\ from\ =\ null\ \}\)
exit_status=0
+ dfx canister call --network http://127.0.0.1:8080 --identity codex_local --query --candid /home/codexdev/src/IO/../ic/rs/sns/root/canister/root.did 7tjcv-pp777-77776-qaaaa-cai list_sns_canisters \(record\ \{\}\)
(
  record {
    root = opt principal "7tjcv-pp777-77776-qaaaa-cai";
    swap = opt principal "72kjj-zh777-77776-qaabq-cai";
    extensions = opt record { extension_canister_ids = vec {} };
    ledger = opt principal "75lp5-u7777-77776-qaaba-cai";
    index = opt principal "7pnye-yp777-77776-qaaca-cai";
    governance = opt principal "7uieb-cx777-77776-qaaaq-cai";
    dapps = vec {
      principal "lxzze-o7777-77777-aaaaa-cai";
      principal "lqy7q-dh777-77777-aaaaq-cai";
      principal "lz3um-vp777-77777-aaaba-cai";
      principal "l62sy-yx777-77777-aaabq-cai";
    };
    archives = vec {};
  },
)
command: dfx canister call --network http://127.0.0.1:8080 --identity codex_local --query --candid /home/codexdev/src/IO/../ic/rs/sns/root/canister/root.did 7tjcv-pp777-77776-qaaaa-cai list_sns_canisters \(record\ \{\}\)
exit_status=0
