+ dfx canister call --network http://127.0.0.1:8082 --identity codex_local --query --candid /home/codexdev/src/IO/../ic/rs/ledger_suite/icrc1/index-ng/index-ng.did dxpiw-yd777-77776-qaaca-cai ledger_id \(\)
(principal "dfj7p-ut777-77776-qaaba-cai")
command: dfx canister call --network http://127.0.0.1:8082 --identity codex_local --query --candid /home/codexdev/src/IO/../ic/rs/ledger_suite/icrc1/index-ng/index-ng.did dxpiw-yd777-77776-qaaca-cai ledger_id \(\)
exit_status=0
(record { num_blocks_synced = 9 : nat })
(record { num_blocks_synced = 9 : nat })
(record { num_blocks_synced = 9 : nat })
(record { num_blocks_synced = 11 : nat })
+ dfx canister call --network http://127.0.0.1:8082 --identity codex_local --query --candid /home/codexdev/src/IO/../ic/rs/ledger_suite/icrc1/index-ng/index-ng.did dxpiw-yd777-77776-qaaca-cai get_account_transactions \(record\ \{\ account\ =\ record\ \{\ owner\ =\ principal\ \"xp3jw-ot777-77777-aaaaa-cai\"\;\ subaccount\ =\ opt\ blob\ \"\\01\\01\\01\\01\\01\\01\\01\\01\\01\\01\\01\\01\\01\\01\\01\\01\\01\\01\\01\\01\\01\\01\\01\\01\\01\\01\\01\\01\\01\\01\\01\\01\"\ \}\;\ start\ =\ null\;\ max_results\ =\ 100\ :\ nat\ \}\)
(
  variant {
    Ok = record {
      balance = 10_020_000_000 : nat;
      transactions = vec {
        record {
          id = 10 : nat;
          transaction = record {
            burn = null;
            kind = "transfer";
            mint = null;
            approve = null;
            authorized_burn = null;
            authorized_mint = null;
            fee_collector = null;
            timestamp = 1_786_726_707_353_963_511 : nat64;
            transfer = opt record {
              to = record {
                owner = principal "xp3jw-ot777-77777-aaaaa-cai";
                subaccount = opt blob "\01\01\01\01\01\01\01\01\01\01\01\01\01\01\01\01\01\01\01\01\01\01\01\01\01\01\01\01\01\01\01\01";
              };
              fee = opt (10_000 : nat);
              from = record {
                owner = principal "amzih-bssz4-twanl-zf6nr-bqsnn-d7rlt-eerbc-oe7vv-uggn5-3naqo-3ae";
                subaccount = null;
              };
              memo = opt blob "\a2\9c\3d\6b\83\62\aa\1a\a7\ad\17\f5\26\ed\e7\c5\8f\4a\19\9e\59\4e\7d\04\64\1e\e4\9e\fc\1e\96\c6";
              created_at_time = opt (1_786_726_706_879_417_552 : nat64);
              amount = 20_000_000 : nat;
              spender = opt record {
                owner = principal "xp3jw-ot777-77777-aaaaa-cai";
                subaccount = null;
              };
            };
          };
        };
        record {
          id = 6 : nat;
          transaction = record {
            burn = null;
            kind = "transfer";
            mint = null;
            approve = null;
            authorized_burn = null;
            authorized_mint = null;
            fee_collector = null;
            timestamp = 1_786_726_691_970_153_762 : nat64;
            transfer = opt record {
              to = record {
                owner = principal "xp3jw-ot777-77777-aaaaa-cai";
                subaccount = opt blob "\01\01\01\01\01\01\01\01\01\01\01\01\01\01\01\01\01\01\01\01\01\01\01\01\01\01\01\01\01\01\01\01";
              };
              fee = opt (10_000 : nat);
              from = record {
                owner = principal "dmkut-c3777-77776-qaaaq-cai";
                subaccount = opt blob "\12\05\b3\0a\fe\c9\d6\b8\da\3b\f4\5d\bf\eb\c2\86\fa\34\12\46\b9\87\8c\a6\32\29\d2\b9\ed\49\dd\6f";
              };
              memo = opt blob "\00\00\00\00\00\00\05\dd";
              created_at_time = null;
              amount = 10_000_000_000 : nat;
              spender = null;
            };
          };
        };
      };
      oldest_tx_id = opt (6 : nat);
    }
  },
)
command: dfx canister call --network http://127.0.0.1:8082 --identity codex_local --query --candid /home/codexdev/src/IO/../ic/rs/ledger_suite/icrc1/index-ng/index-ng.did dxpiw-yd777-77776-qaaca-cai get_account_transactions \(record\ \{\ account\ =\ record\ \{\ owner\ =\ principal\ \"xp3jw-ot777-77777-aaaaa-cai\"\;\ subaccount\ =\ opt\ blob\ \"\\01\\01\\01\\01\\01\\01\\01\\01\\01\\01\\01\\01\\01\\01\\01\\01\\01\\01\\01\\01\\01\\01\\01\\01\\01\\01\\01\\01\\01\\01\\01\\01\"\ \}\;\ start\ =\ null\;\ max_results\ =\ 100\ :\ nat\ \}\)
exit_status=0
+ dfx canister call --network http://127.0.0.1:8082 --identity codex_local --query --candid /home/codexdev/src/IO/../ic/rs/ledger_suite/icrc1/index-ng/index-ng.did dxpiw-yd777-77776-qaaca-cai get_account_transactions \(record\ \{\ account\ =\ record\ \{\ owner\ =\ principal\ \"amzih-bssz4-twanl-zf6nr-bqsnn-d7rlt-eerbc-oe7vv-uggn5-3naqo-3ae\"\;\ subaccount\ =\ null\ \}\;\ start\ =\ null\;\ max_results\ =\ 100\ :\ nat\ \}\)
(
  variant {
    Ok = record {
      balance = 79_970_000 : nat;
      transactions = vec {
        record {
          id = 10 : nat;
          transaction = record {
            burn = null;
            kind = "transfer";
            mint = null;
            approve = null;
            authorized_burn = null;
            authorized_mint = null;
            fee_collector = null;
            timestamp = 1_786_726_707_353_963_511 : nat64;
            transfer = opt record {
              to = record {
                owner = principal "xp3jw-ot777-77777-aaaaa-cai";
                subaccount = opt blob "\01\01\01\01\01\01\01\01\01\01\01\01\01\01\01\01\01\01\01\01\01\01\01\01\01\01\01\01\01\01\01\01";
              };
              fee = opt (10_000 : nat);
              from = record {
                owner = principal "amzih-bssz4-twanl-zf6nr-bqsnn-d7rlt-eerbc-oe7vv-uggn5-3naqo-3ae";
                subaccount = null;
              };
              memo = opt blob "\a2\9c\3d\6b\83\62\aa\1a\a7\ad\17\f5\26\ed\e7\c5\8f\4a\19\9e\59\4e\7d\04\64\1e\e4\9e\fc\1e\96\c6";
              created_at_time = opt (1_786_726_706_879_417_552 : nat64);
              amount = 20_000_000 : nat;
              spender = opt record {
                owner = principal "xp3jw-ot777-77777-aaaaa-cai";
                subaccount = null;
              };
            };
          };
        };
        record {
          id = 9 : nat;
          transaction = record {
            burn = null;
            kind = "approve";
            mint = null;
            approve = opt record {
              fee = opt (10_000 : nat);
              from = record {
                owner = principal "amzih-bssz4-twanl-zf6nr-bqsnn-d7rlt-eerbc-oe7vv-uggn5-3naqo-3ae";
                subaccount = null;
              };
              memo = opt blob "IO redemption";
              created_at_time = opt (1_786_726_705_848_113_714 : nat64);
              amount = 20_010_000 : nat;
              expected_allowance = null;
              expires_at = opt (1_786_727_505_848_113_714 : nat64);
              spender = record {
                owner = principal "xp3jw-ot777-77777-aaaaa-cai";
                subaccount = null;
              };
            };
            authorized_burn = null;
            authorized_mint = null;
            fee_collector = null;
            timestamp = 1_786_726_705_906_184_685 : nat64;
            transfer = null;
          };
        };
        record {
          id = 8 : nat;
          transaction = record {
            burn = null;
            kind = "transfer";
            mint = null;
            approve = null;
            authorized_burn = null;
            authorized_mint = null;
            fee_collector = null;
            timestamp = 1_786_726_693_314_774_917 : nat64;
            transfer = opt record {
              to = record {
                owner = principal "amzih-bssz4-twanl-zf6nr-bqsnn-d7rlt-eerbc-oe7vv-uggn5-3naqo-3ae";
                subaccount = null;
              };
              fee = opt (10_000 : nat);
              from = record {
                owner = principal "amzih-bssz4-twanl-zf6nr-bqsnn-d7rlt-eerbc-oe7vv-uggn5-3naqo-3ae";
                subaccount = null;
              };
              memo = opt blob "IO duplicate";
              created_at_time = opt (1_786_726_693_292_511_609 : nat64);
              amount = 1_000_000 : nat;
              spender = null;
            };
          };
        };
        record {
          id = 7 : nat;
          transaction = record {
            burn = null;
            kind = "transfer";
            mint = null;
            approve = null;
            authorized_burn = null;
            authorized_mint = null;
            fee_collector = null;
            timestamp = 1_786_726_692_830_765_051 : nat64;
            transfer = opt record {
              to = record {
                owner = principal "amzih-bssz4-twanl-zf6nr-bqsnn-d7rlt-eerbc-oe7vv-uggn5-3naqo-3ae";
                subaccount = null;
              };
              fee = opt (10_000 : nat);
              from = record {
                owner = principal "dmkut-c3777-77776-qaaaq-cai";
                subaccount = opt blob "\12\05\b3\0a\fe\c9\d6\b8\da\3b\f4\5d\bf\eb\c2\86\fa\34\12\46\b9\87\8c\a6\32\29\d2\b9\ed\49\dd\6f";
              };
              memo = opt blob "\00\00\00\00\00\00\05\de";
              created_at_time = null;
              amount = 100_000_000 : nat;
              spender = null;
            };
          };
        };
      };
      oldest_tx_id = opt (7 : nat);
    }
  },
)
command: dfx canister call --network http://127.0.0.1:8082 --identity codex_local --query --candid /home/codexdev/src/IO/../ic/rs/ledger_suite/icrc1/index-ng/index-ng.did dxpiw-yd777-77776-qaaca-cai get_account_transactions \(record\ \{\ account\ =\ record\ \{\ owner\ =\ principal\ \"amzih-bssz4-twanl-zf6nr-bqsnn-d7rlt-eerbc-oe7vv-uggn5-3naqo-3ae\"\;\ subaccount\ =\ null\ \}\;\ start\ =\ null\;\ max_results\ =\ 100\ :\ nat\ \}\)
exit_status=0
treasury_account_history=/home/codexdev/.cache/io/sns-framework/runs/lifecycle-sns-1786726061503508351-567401/generated/treasury-account-history.log
(
  variant {
    Ok = record {
      balance = 79_989_899_980_000 : nat;
      transactions = vec {
        record {
          id = 7 : nat;
          transaction = record {
            burn = null;
            kind = "transfer";
            mint = null;
            approve = null;
            authorized_burn = null;
            authorized_mint = null;
            fee_collector = null;
            timestamp = 1_786_726_692_830_765_051 : nat64;
            transfer = opt record {
              to = record {
                owner = principal "amzih-bssz4-twanl-zf6nr-bqsnn-d7rlt-eerbc-oe7vv-uggn5-3naqo-3ae";
                subaccount = null;
              };
              fee = opt (10_000 : nat);
              from = record {
                owner = principal "dmkut-c3777-77776-qaaaq-cai";
                subaccount = opt blob "\12\05\b3\0a\fe\c9\d6\b8\da\3b\f4\5d\bf\eb\c2\86\fa\34\12\46\b9\87\8c\a6\32\29\d2\b9\ed\49\dd\6f";
              };
              memo = opt blob "\00\00\00\00\00\00\05\de";
              created_at_time = null;
              amount = 100_000_000 : nat;
              spender = null;
            };
          };
        };
        record {
          id = 6 : nat;
          transaction = record {
            burn = null;
            kind = "transfer";
            mint = null;
            approve = null;
            authorized_burn = null;
            authorized_mint = null;
            fee_collector = null;
            timestamp = 1_786_726_691_970_153_762 : nat64;
            transfer = opt record {
              to = record {
                owner = principal "xp3jw-ot777-77777-aaaaa-cai";
                subaccount = opt blob "\01\01\01\01\01\01\01\01\01\01\01\01\01\01\01\01\01\01\01\01\01\01\01\01\01\01\01\01\01\01\01\01";
              };
              fee = opt (10_000 : nat);
              from = record {
                owner = principal "dmkut-c3777-77776-qaaaq-cai";
                subaccount = opt blob "\12\05\b3\0a\fe\c9\d6\b8\da\3b\f4\5d\bf\eb\c2\86\fa\34\12\46\b9\87\8c\a6\32\29\d2\b9\ed\49\dd\6f";
              };
              memo = opt blob "\00\00\00\00\00\00\05\dd";
              created_at_time = null;
              amount = 10_000_000_000 : nat;
              spender = null;
            };
          };
        };
        record {
          id = 0 : nat;
          transaction = record {
            burn = null;
            kind = "mint";
            mint = opt record {
              to = record {
                owner = principal "dmkut-c3777-77776-qaaaq-cai";
                subaccount = opt blob "\12\05\b3\0a\fe\c9\d6\b8\da\3b\f4\5d\bf\eb\c2\86\fa\34\12\46\b9\87\8c\a6\32\29\d2\b9\ed\49\dd\6f";
              };
              fee = null;
              memo = null;
              created_at_time = opt (1_786_726_502_878_760_591 : nat64);
              amount = 80_000_000_000_000 : nat;
            };
            approve = null;
            authorized_burn = null;
            authorized_mint = null;
            fee_collector = null;
            timestamp = 1_786_726_502_878_760_591 : nat64;
            transfer = null;
          };
        };
      };
      oldest_tx_id = opt (0 : nat);
    }
  },
)
+ dfx canister call --network http://127.0.0.1:8082 --identity codex_local --query --candid /home/codexdev/src/IO/../ic/rs/ledger_suite/icrc1/ledger/ledger.did dfj7p-ut777-77776-qaaba-cai icrc3_get_archives \(record\ \{\ from\ =\ null\ \}\)
(vec {})
command: dfx canister call --network http://127.0.0.1:8082 --identity codex_local --query --candid /home/codexdev/src/IO/../ic/rs/ledger_suite/icrc1/ledger/ledger.did dfj7p-ut777-77776-qaaba-cai icrc3_get_archives \(record\ \{\ from\ =\ null\ \}\)
exit_status=0
+ dfx canister call --network http://127.0.0.1:8082 --identity codex_local --query --candid /home/codexdev/src/IO/../ic/rs/sns/root/canister/root.did dllsh-pd777-77776-qaaaa-cai list_sns_canisters \(record\ \{\}\)
(
  record {
    root = opt principal "dllsh-pd777-77776-qaaaa-cai";
    swap = opt principal "dciz3-zl777-77776-qaabq-cai";
    extensions = opt record { extension_canister_ids = vec {} };
    ledger = opt principal "dfj7p-ut777-77776-qaaba-cai";
    index = opt principal "dxpiw-yd777-77776-qaaca-cai";
    governance = opt principal "dmkut-c3777-77776-qaaaq-cai";
    dapps = vec {
      principal "xp3jw-ot777-77777-aaaaa-cai";
      principal "xi2pc-dl777-77777-aaaaq-cai";
      principal "xbze6-vd777-77777-aaaba-cai";
      principal "xgyck-y3777-77777-aaabq-cai";
    };
    archives = vec {};
  },
)
command: dfx canister call --network http://127.0.0.1:8082 --identity codex_local --query --candid /home/codexdev/src/IO/../ic/rs/sns/root/canister/root.did dllsh-pd777-77776-qaaaa-cai list_sns_canisters \(record\ \{\}\)
exit_status=0
