+ env IO_POCKET_IC_SERVER_URL=http://127.0.0.1:8894 IO_POCKET_IC_INSTANCE_ID=0 IO_LOCAL_SNS_GOVERNANCE_ID=7uieb-cx777-77776-qaaaq-cai IO_LOCAL_STREAM_MANAGER_ID=lxzze-o7777-77777-aaaaa-cai IO_LOCAL_HISTORIAN_ID=lz3um-vp777-77777-aaaba-cai IO_LOCAL_HISTORIAN_SETTLE_SECONDS=60 IO_LOCAL_REWARD_ADVANCE_SECONDS=86400 IO_LOCAL_REWARD_RESUME=1 cargo run -p e2e-real-canisters --bin observe_existing_reward
    Finished `dev` profile [unoptimized + debuginfo] target(s) in 0.21s
     Running `target/debug/observe_existing_reward`
advanced_pocketic_seconds=86400
latest_reward_event=SnsRewardEvent {
    rounds_since_last_distribution: Some(
        1,
    ),
    actual_timestamp_seconds: 1786824691,
    end_timestamp_seconds: Some(
        1786824473,
    ),
    total_available_e8s_equivalent: Some(
        0,
    ),
    distributed_e8s_equivalent: 0,
    round: 1,
    settled_proposals: [
        SnsProposalIdRecord {
            id: 4,
        },
        SnsProposalIdRecord {
            id: 9,
        },
    ],
}
neuron=5da380ea306e3c2bdc235a4a91e7730ccfc4e164c864ae62137088b6dfc3f6bd stake_e8s=10000000000000 maturity_e8s=0 dissolve_state=Some(DissolveDelaySeconds(1209600)) participation=Some(SnsRewardEventParticipation { reward_event_end_timestamp_seconds: 1786824473, reward_shares: Some(SnsUint128 { high: 0, low: 20000000000000 }) })
neuron=77f7c520da6af220f0cd871b5c55ce33939b7364aca0e19f8121030e62188efe stake_e8s=4999999990000 maturity_e8s=0 dissolve_state=Some(DissolveDelaySeconds(0)) participation=None
neuron=f4ab3c36438731d12d721786b1935a900801512f7735e32a30cb245e1b82934e stake_e8s=4999999990000 maturity_e8s=0 dissolve_state=Some(DissolveDelaySeconds(1209600)) participation=Some(SnsRewardEventParticipation { reward_event_end_timestamp_seconds: 1786824473, reward_shares: Some(SnsUint128 { high: 0, low: 9999999980000 }) })
stream_status_before=Status {
    lifecycle: Ready,
    operation_kind: None,
    operation_phase: None,
    next_nns_receipt_sequence: 0,
    latest_entitlement_batch_generation: 0,
    latest_processed_reward_event: Some(
        RewardEventId {
            end_timestamp_seconds: 1786738073,
            round: 0,
        },
    ),
    latest_reward_event_classification: None,
    accumulated_entitlements: [],
    accumulated_eligible_credit: 0,
    accumulated_policy_credit: 0,
    processed_reward_event_count: 0,
    missed_reward_event_count: 0,
    reward_work_due: false,
    reward_processing_paused: false,
    governance_parameters_fresh: true,
    pending_entitlement_batch_eligible_credit: None,
    pending_entitlement_batch_policy_credit: None,
}
resume_reward_work=Ok(
    RewardEventObservation {
        event: RewardEventId {
            end_timestamp_seconds: 1786824473,
            round: 1,
        },
        proposal_count: 2,
        classification: ProposalBearing,
        credits: [
            RewardEventCredit {
                sns_neuron_id: [
                    93,
                    163,
                    128,
                    234,
                    48,
                    110,
                    60,
                    43,
                    220,
                    35,
                    90,
                    74,
                    145,
                    231,
                    115,
                    12,
                    207,
                    196,
                    225,
                    100,
                    200,
                    100,
                    174,
                    98,
                    19,
                    112,
                    136,
                    182,
                    223,
                    195,
                    246,
                    189,
                ],
                destination: Account {
                    owner: Principal {
                        len: 10,
                        bytes: [
                            255,
                            255,
                            255,
                            255,
                            255,
                            208,
                            0,
                            1,
                            1,
                            1,
                            0,
                            0,
                            0,
                            0,
                            0,
                            0,
                            0,
                            0,
                            0,
                            0,
                            0,
                            0,
                            0,
                            0,
                            0,
                            0,
                            0,
                            0,
                            0,
                        ],
                    },
                    subaccount: Some(
                        [
                            93,
                            163,
                            128,
                            234,
                            48,
                            110,
                            60,
                            43,
                            220,
                            35,
                            90,
                            74,
                            145,
                            231,
                            115,
                            12,
                            207,
                            196,
                            225,
                            100,
                            200,
                            100,
                            174,
                            98,
                            19,
                            112,
                            136,
                            182,
                            223,
                            195,
                            246,
                            189,
                        ],
                    ),
                },
                event_credit: 666666667111111111,
            },
            RewardEventCredit {
                sns_neuron_id: [
                    244,
                    171,
                    60,
                    54,
                    67,
                    135,
                    49,
                    209,
                    45,
                    114,
                    23,
                    134,
                    177,
                    147,
                    90,
                    144,
                    8,
                    1,
                    81,
                    47,
                    119,
                    53,
                    227,
                    42,
                    48,
                    203,
                    36,
                    94,
                    27,
                    130,
                    147,
                    78,
                ],
                destination: Account {
                    owner: Principal {
                        len: 10,
                        bytes: [
                            255,
                            255,
                            255,
                            255,
                            255,
                            208,
                            0,
                            1,
                            1,
                            1,
                            0,
                            0,
                            0,
                            0,
                            0,
                            0,
                            0,
                            0,
                            0,
                            0,
                            0,
                            0,
                            0,
                            0,
                            0,
                            0,
                            0,
                            0,
                            0,
                        ],
                    },
                    subaccount: Some(
                        [
                            244,
                            171,
                            60,
                            54,
                            67,
                            135,
                            49,
                            209,
                            45,
                            114,
                            23,
                            134,
                            177,
                            147,
                            90,
                            144,
                            8,
                            1,
                            81,
                            47,
                            119,
                            53,
                            227,
                            42,
                            48,
                            203,
                            36,
                            94,
                            27,
                            130,
                            147,
                            78,
                        ],
                    ),
                },
                event_credit: 333333332888888888,
            },
        ],
        policy_credit: 1000000000000000000,
        eligible_credit_total: 999999999999999999,
        observed_at_nanos: 1786824691964143816,
    },
)
stream_status_after=Status {
    lifecycle: Ready,
    operation_kind: None,
    operation_phase: None,
    next_nns_receipt_sequence: 0,
    latest_entitlement_batch_generation: 0,
    latest_processed_reward_event: Some(
        RewardEventId {
            end_timestamp_seconds: 1786824473,
            round: 1,
        },
    ),
    latest_reward_event_classification: Some(
        ProposalBearing,
    ),
    accumulated_entitlements: [
        RewardEntitlementEntry {
            sns_neuron_id: [
                93,
                163,
                128,
                234,
                48,
                110,
                60,
                43,
                220,
                35,
                90,
                74,
                145,
                231,
                115,
                12,
                207,
                196,
                225,
                100,
                200,
                100,
                174,
                98,
                19,
                112,
                136,
                182,
                223,
                195,
                246,
                189,
            ],
            destination: Account {
                owner: Principal {
                    len: 10,
                    bytes: [
                        255,
                        255,
                        255,
                        255,
                        255,
                        208,
                        0,
                        1,
                        1,
                        1,
                        0,
                        0,
                        0,
                        0,
                        0,
                        0,
                        0,
                        0,
                        0,
                        0,
                        0,
                        0,
                        0,
                        0,
                        0,
                        0,
                        0,
                        0,
                        0,
                    ],
                },
                subaccount: Some(
                    [
                        93,
                        163,
                        128,
                        234,
                        48,
                        110,
                        60,
                        43,
                        220,
                        35,
                        90,
                        74,
                        145,
                        231,
                        115,
                        12,
                        207,
                        196,
                        225,
                        100,
                        200,
                        100,
                        174,
                        98,
                        19,
                        112,
                        136,
                        182,
                        223,
                        195,
                        246,
                        189,
                    ],
                ),
            },
            accumulated_eligible_credit: 666666667111111111,
        },
        RewardEntitlementEntry {
            sns_neuron_id: [
                244,
                171,
                60,
                54,
                67,
                135,
                49,
                209,
                45,
                114,
                23,
                134,
                177,
                147,
                90,
                144,
                8,
                1,
                81,
                47,
                119,
                53,
                227,
                42,
                48,
                203,
                36,
                94,
                27,
                130,
                147,
                78,
            ],
            destination: Account {
                owner: Principal {
                    len: 10,
                    bytes: [
                        255,
                        255,
                        255,
                        255,
                        255,
                        208,
                        0,
                        1,
                        1,
                        1,
                        0,
                        0,
                        0,
                        0,
                        0,
                        0,
                        0,
                        0,
                        0,
                        0,
                        0,
                        0,
                        0,
                        0,
                        0,
                        0,
                        0,
                        0,
                        0,
                    ],
                },
                subaccount: Some(
                    [
                        244,
                        171,
                        60,
                        54,
                        67,
                        135,
                        49,
                        209,
                        45,
                        114,
                        23,
                        134,
                        177,
                        147,
                        90,
                        144,
                        8,
                        1,
                        81,
                        47,
                        119,
                        53,
                        227,
                        42,
                        48,
                        203,
                        36,
                        94,
                        27,
                        130,
                        147,
                        78,
                    ],
                ),
            },
            accumulated_eligible_credit: 333333332888888888,
        },
    ],
    accumulated_eligible_credit: 999999999999999999,
    accumulated_policy_credit: 1000000000000000000,
    processed_reward_event_count: 1,
    missed_reward_event_count: 0,
    reward_work_due: false,
    reward_processing_paused: false,
    governance_parameters_fresh: true,
    pending_entitlement_batch_eligible_credit: None,
    pending_entitlement_batch_policy_credit: None,
}
historian_settle_seconds=60
historian_dashboard=Dashboard {
    status: PublicStatus {
        version: "0.1.0",
        schema_version: 3,
        configured: true,
        refresh_active: false,
        refresh_generation: 2,
        last_attempt_timestamp_nanos: Some(
            1786824752096965914,
        ),
        last_success_timestamp_nanos: Some(
            1786824752096965914,
        ),
    },
    protocol: ProtocolSnapshot {
        generation: 2,
        total_io_supply_e8s: Some(
            99999999930000,
        ),
        protocol_reserve_io_e8s: Some(
            10020000000,
        ),
        excluded_io_e8s: Some(
            79989899980000,
        ),
        redeemable_io_supply_e8s: Some(
            20000079950000,
        ),
        liquid_icp_reserve_e8s: Some(
            99999900000500,
        ),
        redemption_rate: Some(
            RedemptionRateSnapshot {
                liquid_icp_e8s: 99999900000500,
                redeemable_io_e8s: 20000079950000,
                observed_at_timestamp_nanos: 1786824752096965914,
            },
        ),
        observed_at_timestamp_nanos: Some(
            1786824752096965914,
        ),
        completeness: DataCompleteness {
            total_io_supply: true,
            protocol_reserve_io: true,
            excluded_io: true,
            redeemable_io_supply: true,
            liquid_icp_reserve: true,
            redemption_rate: true,
        },
    },
    source_health: [
        SourceHealth {
            source: "protocol",
            freshness: Fresh,
            last_attempt_timestamp_nanos: Some(
                1786824752096965914,
            ),
            last_success_timestamp_nanos: Some(
                1786824752096965914,
            ),
            error: None,
        },
        SourceHealth {
            source: "stream",
            freshness: Fresh,
            last_attempt_timestamp_nanos: Some(
                1786824752096965914,
            ),
            last_success_timestamp_nanos: Some(
                1786824752096965914,
            ),
            error: None,
        },
        SourceHealth {
            source: "nns-manager",
            freshness: Fresh,
            last_attempt_timestamp_nanos: Some(
                1786824752096965914,
            ),
            last_success_timestamp_nanos: Some(
                1786824752096965914,
            ),
            error: None,
        },
        SourceHealth {
            source: "nns-governance",
            freshness: Fresh,
            last_attempt_timestamp_nanos: Some(
                1786824752096965914,
            ),
            last_success_timestamp_nanos: Some(
                1786824752096965914,
            ),
            error: None,
        },
        SourceHealth {
            source: "sns-root",
            freshness: Fresh,
            last_attempt_timestamp_nanos: Some(
                1786824752096965914,
            ),
            last_success_timestamp_nanos: Some(
                1786824752096965914,
            ),
            error: None,
        },
        SourceHealth {
            source: "sns-governance",
            freshness: Fresh,
            last_attempt_timestamp_nanos: Some(
                1786824752096965914,
            ),
            last_success_timestamp_nanos: Some(
                1786824752096965914,
            ),
            error: None,
        },
        SourceHealth {
            source: "sns-index",
            freshness: Fresh,
            last_attempt_timestamp_nanos: Some(
                1786824752096965914,
            ),
            last_success_timestamp_nanos: Some(
                1786824752096965914,
            ),
            error: None,
        },
    ],
    canisters: [
        CanisterObservation {
            role: StreamManager,
            canister_id: Principal {
                len: 10,
                bytes: [
                    255,
                    255,
                    255,
                    255,
                    255,
                    224,
                    0,
                    0,
                    1,
                    1,
                    0,
                    0,
                    0,
                    0,
                    0,
                    0,
                    0,
                    0,
                    0,
                    0,
                    0,
                    0,
                    0,
                    0,
                    0,
                    0,
                    0,
                    0,
                    0,
                ],
            },
            expected_module_hash: [
                182,
                54,
                43,
                119,
                37,
                237,
                134,
                51,
                19,
                250,
                73,
                51,
                126,
                0,
                192,
                171,
                143,
                247,
                175,
                205,
                77,
                110,
                84,
                100,
                57,
                133,
                187,
                245,
                10,
                162,
                84,
                119,
            ],
            observed_module_hash: Some(
                [
                    182,
                    54,
                    43,
                    119,
                    37,
                    237,
                    134,
                    51,
                    19,
                    250,
                    73,
                    51,
                    126,
                    0,
                    192,
                    171,
                    143,
                    247,
                    175,
                    205,
                    77,
                    110,
                    84,
                    100,
                    57,
                    133,
                    187,
                    245,
                    10,
                    162,
                    84,
                    119,
                ],
            ),
            module_match: Matching,
            controllers: Some(
                [
                    Principal {
                        len: 10,
                        bytes: [
                            255,
                            255,
                            255,
                            255,
                            255,
                            208,
                            0,
                            0,
                            1,
                            1,
                            0,
                            0,
                            0,
                            0,
                            0,
                            0,
                            0,
                            0,
                            0,
                            0,
                            0,
                            0,
                            0,
                            0,
                            0,
                            0,
                            0,
                            0,
                            0,
                        ],
                    },
                ],
            ),
            observed_at_timestamp_nanos: 1786824752096965914,
        },
        CanisterObservation {
            role: NnsManager,
            canister_id: Principal {
                len: 10,
                bytes: [
                    255,
                    255,
                    255,
                    255,
                    255,
                    224,
                    0,
                    1,
                    1,
                    1,
                    0,
                    0,
                    0,
                    0,
                    0,
                    0,
                    0,
                    0,
                    0,
                    0,
                    0,
                    0,
                    0,
                    0,
                    0,
                    0,
                    0,
                    0,
                    0,
                ],
            },
            expected_module_hash: [
                218,
                254,
                240,
                156,
                92,
                181,
                116,
                184,
                219,
                16,
                161,
                74,
                13,
                189,
                228,
                142,
                170,
                147,
                222,
                17,
                24,
                247,
                67,
                122,
                216,
                71,
                247,
                238,
                136,
                74,
                59,
                130,
            ],
            observed_module_hash: Some(
                [
                    218,
                    254,
                    240,
                    156,
                    92,
                    181,
                    116,
                    184,
                    219,
                    16,
                    161,
                    74,
                    13,
                    189,
                    228,
                    142,
                    170,
                    147,
                    222,
                    17,
                    24,
                    247,
                    67,
                    122,
                    216,
                    71,
                    247,
                    238,
                    136,
                    74,
                    59,
                    130,
                ],
            ),
            module_match: Matching,
            controllers: Some(
                [
                    Principal {
                        len: 10,
                        bytes: [
                            255,
                            255,
                            255,
                            255,
                            255,
                            208,
                            0,
                            0,
                            1,
                            1,
                            0,
                            0,
                            0,
                            0,
                            0,
                            0,
                            0,
                            0,
                            0,
                            0,
                            0,
                            0,
                            0,
                            0,
                            0,
                            0,
                            0,
                            0,
                            0,
                        ],
                    },
                ],
            ),
            observed_at_timestamp_nanos: 1786824752096965914,
        },
        CanisterObservation {
            role: Historian,
            canister_id: Principal {
                len: 10,
                bytes: [
                    255,
                    255,
                    255,
                    255,
                    255,
                    224,
                    0,
                    2,
                    1,
                    1,
                    0,
                    0,
                    0,
                    0,
                    0,
                    0,
                    0,
                    0,
                    0,
                    0,
                    0,
                    0,
                    0,
                    0,
                    0,
                    0,
                    0,
                    0,
                    0,
                ],
            },
            expected_module_hash: [
                16,
                164,
                154,
                120,
                220,
                152,
                147,
                250,
                73,
                152,
                42,
                178,
                131,
                50,
                90,
                131,
                188,
                215,
                99,
                16,
                13,
                3,
                183,
                94,
                8,
                65,
                109,
                117,
                240,
                49,
                200,
                174,
            ],
            observed_module_hash: Some(
                [
                    16,
                    164,
                    154,
                    120,
                    220,
                    152,
                    147,
                    250,
                    73,
                    152,
                    42,
                    178,
                    131,
                    50,
                    90,
                    131,
                    188,
                    215,
                    99,
                    16,
                    13,
                    3,
                    183,
                    94,
                    8,
                    65,
                    109,
                    117,
                    240,
                    49,
                    200,
                    174,
                ],
            ),
            module_match: Matching,
            controllers: Some(
                [
                    Principal {
                        len: 10,
                        bytes: [
                            255,
                            255,
                            255,
                            255,
                            255,
                            208,
                            0,
                            0,
                            1,
                            1,
                            0,
                            0,
                            0,
                            0,
                            0,
                            0,
                            0,
                            0,
                            0,
                            0,
                            0,
                            0,
                            0,
                            0,
                            0,
                            0,
                            0,
                            0,
                            0,
                        ],
                    },
                ],
            ),
            observed_at_timestamp_nanos: 1786824752096965914,
        },
        CanisterObservation {
            role: Frontend,
            canister_id: Principal {
                len: 10,
                bytes: [
                    255,
                    255,
                    255,
                    255,
                    255,
                    224,
                    0,
                    3,
                    1,
                    1,
                    0,
                    0,
                    0,
                    0,
                    0,
                    0,
                    0,
                    0,
                    0,
                    0,
                    0,
                    0,
                    0,
                    0,
                    0,
                    0,
                    0,
                    0,
                    0,
                ],
            },
            expected_module_hash: [
                248,
                32,
                49,
                172,
                67,
                181,
                65,
                151,
                154,
                214,
                222,
                12,
                35,
                33,
                76,
                32,
                234,
                6,
                25,
                132,
                195,
                76,
                122,
                150,
                115,
                112,
                107,
                23,
                113,
                192,
                253,
                80,
            ],
            observed_module_hash: Some(
                [
                    248,
                    32,
                    49,
                    172,
                    67,
                    181,
                    65,
                    151,
                    154,
                    214,
                    222,
                    12,
                    35,
                    33,
                    76,
                    32,
                    234,
                    6,
                    25,
                    132,
                    195,
                    76,
                    122,
                    150,
                    115,
                    112,
                    107,
                    23,
                    113,
                    192,
                    253,
                    80,
                ],
            ),
            module_match: Matching,
            controllers: Some(
                [
                    Principal {
                        len: 10,
                        bytes: [
                            255,
                            255,
                            255,
                            255,
                            255,
                            208,
                            0,
                            0,
                            1,
                            1,
                            0,
                            0,
                            0,
                            0,
                            0,
                            0,
                            0,
                            0,
                            0,
                            0,
                            0,
                            0,
                            0,
                            0,
                            0,
                            0,
                            0,
                            0,
                            0,
                        ],
                    },
                ],
            ),
            observed_at_timestamp_nanos: 1786824752096965914,
        },
        CanisterObservation {
            role: SnsGovernance,
            canister_id: Principal {
                len: 10,
                bytes: [
                    255,
                    255,
                    255,
                    255,
                    255,
                    208,
                    0,
                    1,
                    1,
                    1,
                    0,
                    0,
                    0,
                    0,
                    0,
                    0,
                    0,
                    0,
                    0,
                    0,
                    0,
                    0,
                    0,
                    0,
                    0,
                    0,
                    0,
                    0,
                    0,
                ],
            },
            expected_module_hash: [
                230,
                59,
                253,
                71,
                107,
                213,
                120,
                73,
                253,
                12,
                140,
                16,
                18,
                186,
                222,
                34,
                114,
                100,
                171,
                7,
                158,
                158,
                188,
                97,
                121,
                91,
                150,
                158,
                22,
                223,
                10,
                164,
            ],
            observed_module_hash: Some(
                [
                    230,
                    59,
                    253,
                    71,
                    107,
                    213,
                    120,
                    73,
                    253,
                    12,
                    140,
                    16,
                    18,
                    186,
                    222,
                    34,
                    114,
                    100,
                    171,
                    7,
                    158,
                    158,
                    188,
                    97,
                    121,
                    91,
                    150,
                    158,
                    22,
                    223,
                    10,
                    164,
                ],
            ),
            module_match: Matching,
            controllers: Some(
                [
                    Principal {
                        len: 10,
                        bytes: [
                            255,
                            255,
                            255,
                            255,
                            255,
                            208,
                            0,
                            0,
                            1,
                            1,
                            0,
                            0,
                            0,
                            0,
                            0,
                            0,
                            0,
                            0,
                            0,
                            0,
                            0,
                            0,
                            0,
                            0,
                            0,
                            0,
                            0,
                            0,
                            0,
                        ],
                    },
                ],
            ),
            observed_at_timestamp_nanos: 1786824752096965914,
        },
        CanisterObservation {
            role: SnsRoot,
            canister_id: Principal {
                len: 10,
                bytes: [
                    255,
                    255,
                    255,
                    255,
                    255,
                    208,
                    0,
                    0,
                    1,
                    1,
                    0,
                    0,
                    0,
                    0,
                    0,
                    0,
                    0,
                    0,
                    0,
                    0,
                    0,
                    0,
                    0,
                    0,
                    0,
                    0,
                    0,
                    0,
                    0,
                ],
            },
            expected_module_hash: [
                90,
                199,
                117,
                175,
                116,
                133,
                232,
                203,
                32,
                189,
                73,
                221,
                54,
                138,
                42,
                33,
                248,
                110,
                23,
                74,
                107,
                186,
                184,
                193,
                231,
                39,
                139,
                171,
                234,
                224,
                111,
                131,
            ],
            observed_module_hash: Some(
                [
                    90,
                    199,
                    117,
                    175,
                    116,
                    133,
                    232,
                    203,
                    32,
                    189,
                    73,
                    221,
                    54,
                    138,
                    42,
                    33,
                    248,
                    110,
                    23,
                    74,
                    107,
                    186,
                    184,
                    193,
                    231,
                    39,
                    139,
                    171,
                    234,
                    224,
                    111,
                    131,
                ],
            ),
            module_match: Matching,
            controllers: Some(
                [
                    Principal {
                        len: 10,
                        bytes: [
                            255,
                            255,
                            255,
                            255,
                            255,
                            208,
                            0,
                            1,
                            1,
                            1,
                            0,
                            0,
                            0,
                            0,
                            0,
                            0,
                            0,
                            0,
                            0,
                            0,
                            0,
                            0,
                            0,
                            0,
                            0,
                            0,
                            0,
                            0,
                            0,
                        ],
                    },
                ],
            ),
            observed_at_timestamp_nanos: 1786824752096965914,
        },
        CanisterObservation {
            role: SnsLedger,
            canister_id: Principal {
                len: 10,
                bytes: [
                    255,
                    255,
                    255,
                    255,
                    255,
                    208,
                    0,
                    2,
                    1,
                    1,
                    0,
                    0,
                    0,
                    0,
                    0,
                    0,
                    0,
                    0,
                    0,
                    0,
                    0,
                    0,
                    0,
                    0,
                    0,
                    0,
                    0,
                    0,
                    0,
                ],
            },
            expected_module_hash: [
                53,
                77,
                214,
                236,
                253,
                199,
                43,
                84,
                9,
                128,
                91,
                49,
                222,
                162,
                44,
                157,
                177,
                29,
                246,
                225,
                64,
                149,
                165,
                166,
                137,
                36,
                235,
                99,
                83,
                94,
                109,
                138,
            ],
            observed_module_hash: Some(
                [
                    53,
                    77,
                    214,
                    236,
                    253,
                    199,
                    43,
                    84,
                    9,
                    128,
                    91,
                    49,
                    222,
                    162,
                    44,
                    157,
                    177,
                    29,
                    246,
                    225,
                    64,
                    149,
                    165,
                    166,
                    137,
                    36,
                    235,
                    99,
                    83,
                    94,
                    109,
                    138,
                ],
            ),
            module_match: Matching,
            controllers: Some(
                [
                    Principal {
                        len: 10,
                        bytes: [
                            255,
                            255,
                            255,
                            255,
                            255,
                            208,
                            0,
                            0,
                            1,
                            1,
                            0,
                            0,
                            0,
                            0,
                            0,
                            0,
                            0,
                            0,
                            0,
                            0,
                            0,
                            0,
                            0,
                            0,
                            0,
                            0,
                            0,
                            0,
                            0,
                        ],
                    },
                ],
            ),
            observed_at_timestamp_nanos: 1786824752096965914,
        },
        CanisterObservation {
            role: SnsIndex,
            canister_id: Principal {
                len: 10,
                bytes: [
                    255,
                    255,
                    255,
                    255,
                    255,
                    208,
                    0,
                    4,
                    1,
                    1,
                    0,
                    0,
                    0,
                    0,
                    0,
                    0,
                    0,
                    0,
                    0,
                    0,
                    0,
                    0,
                    0,
                    0,
                    0,
                    0,
                    0,
                    0,
                    0,
                ],
            },
            expected_module_hash: [
                218,
                182,
                128,
                141,
                13,
                252,
                6,
                229,
                232,
                131,
                54,
                208,
                195,
                211,
                228,
                94,
                84,
                72,
                198,
                227,
                108,
                42,
                120,
                31,
                62,
                158,
                9,
                189,
                69,
                15,
                82,
                140,
            ],
            observed_module_hash: Some(
                [
                    218,
                    182,
                    128,
                    141,
                    13,
                    252,
                    6,
                    229,
                    232,
                    131,
                    54,
                    208,
                    195,
                    211,
                    228,
                    94,
                    84,
                    72,
                    198,
                    227,
                    108,
                    42,
                    120,
                    31,
                    62,
                    158,
                    9,
                    189,
                    69,
                    15,
                    82,
                    140,
                ],
            ),
            module_match: Matching,
            controllers: Some(
                [
                    Principal {
                        len: 10,
                        bytes: [
                            255,
                            255,
                            255,
                            255,
                            255,
                            208,
                            0,
                            0,
                            1,
                            1,
                            0,
                            0,
                            0,
                            0,
                            0,
                            0,
                            0,
                            0,
                            0,
                            0,
                            0,
                            0,
                            0,
                            0,
                            0,
                            0,
                            0,
                            0,
                            0,
                        ],
                    },
                ],
            ),
            observed_at_timestamp_nanos: 1786824752096965914,
        },
        CanisterObservation {
            role: SnsSwap,
            canister_id: Principal {
                len: 10,
                bytes: [
                    255,
                    255,
                    255,
                    255,
                    255,
                    208,
                    0,
                    3,
                    1,
                    1,
                    0,
                    0,
                    0,
                    0,
                    0,
                    0,
                    0,
                    0,
                    0,
                    0,
                    0,
                    0,
                    0,
                    0,
                    0,
                    0,
                    0,
                    0,
                    0,
                ],
            },
            expected_module_hash: [
                218,
                215,
                215,
                4,
                113,
                150,
                21,
                249,
                220,
                81,
                101,
                206,
                25,
                91,
                87,
                171,
                250,
                117,
                167,
                18,
                3,
                77,
                112,
                60,
                93,
                70,
                166,
                174,
                194,
                103,
                189,
                208,
            ],
            observed_module_hash: Some(
                [
                    218,
                    215,
                    215,
                    4,
                    113,
                    150,
                    21,
                    249,
                    220,
                    81,
                    101,
                    206,
                    25,
                    91,
                    87,
                    171,
                    250,
                    117,
                    167,
                    18,
                    3,
                    77,
                    112,
                    60,
                    93,
                    70,
                    166,
                    174,
                    194,
                    103,
                    189,
                    208,
                ],
            ),
            module_match: Matching,
            controllers: Some(
                [
                    Principal {
                        len: 10,
                        bytes: [
                            255,
                            255,
                            255,
                            255,
                            255,
                            208,
                            0,
                            0,
                            1,
                            1,
                            0,
                            0,
                            0,
                            0,
                            0,
                            0,
                            0,
                            0,
                            0,
                            0,
                            0,
                            0,
                            0,
                            0,
                            0,
                            0,
                            0,
                            0,
                            0,
                        ],
                    },
                ],
            ),
            observed_at_timestamp_nanos: 1786824752096965914,
        },
    ],
    stream: Some(
        StreamStatus {
            lifecycle: Ready,
            operation_kind: None,
            operation_phase: None,
            latest_entitlement_batch_generation: 0,
            latest_processed_reward_event: Some(
                RewardEventId {
                    end_timestamp_seconds: 1786824473,
                    round: 1,
                },
            ),
            latest_reward_event_classification: Some(
                ProposalBearing,
            ),
            accumulated_eligible_credit: 999999999999999999,
            accumulated_policy_credit: 1000000000000000000,
            processed_reward_event_count: 1,
            missed_reward_event_count: 0,
            reward_work_due: false,
            reward_processing_paused: false,
            governance_parameters_fresh: true,
            pending_entitlement_batch_eligible_credit: None,
            pending_entitlement_batch_policy_credit: None,
            observed_at_timestamp_nanos: 1786824752096965914,
        },
    ),
    nns_manager: Some(
        NnsManagerStatus {
            lifecycle: Ready,
            active_operation: None,
            two_week_maturity_baseline_reconciled: true,
            latest_started_two_week_generation: 0,
            latest_completed_two_week_generation: 0,
            latest_two_week_target: None,
            unwinding_child_principal_e8s: 0,
            observed_at_timestamp_nanos: 1786824752096965914,
        },
    ),
    nns_governance: Some(
        NnsGovernanceStatus {
            build_metadata: "profile: release\noptimization_level: 3\ncrate_name: build_script\nenabled_features: \ncompiler_version: 1.93.1\n",
            neurons: [
                NnsNeuronObservation {
                    role: RewardBacking,
                    neuron_id: 15433193351402456744,
                    stake_e8s: 100000000,
                    staked_maturity_e8s: Some(
                        0,
                    ),
                    dissolve_delay_seconds: 252460800,
                    state: 1,
                },
                NnsNeuronObservation {
                    role: TwoYearProtected,
                    neuron_id: 18261782480786375607,
                    stake_e8s: 100000000,
                    staked_maturity_e8s: Some(
                        0,
                    ),
                    dissolve_delay_seconds: 252460800,
                    state: 1,
                },
            ],
            observed_at_timestamp_nanos: 1786824752096965914,
        },
    ),
    sns: Some(
        SnsStatus {
            max_number_of_neurons: Some(
                1000,
            ),
            native_initial_reward_rate_basis_points: Some(
                0,
            ),
            native_final_reward_rate_basis_points: Some(
                0,
            ),
            latest_reward_event_round: Some(
                1,
            ),
            latest_reward_event_end_timestamp_seconds: Some(
                1786824473,
            ),
            settled_proposal_count: Some(
                2,
            ),
            reward_share_capability: ExpectedGovernanceModuleMatching,
            archive_canisters: [],
            observed_at_timestamp_nanos: 1786824752096965914,
        },
    ),
    index: Some(
        IndexStatus {
            num_blocks_synced: 11,
            accounts: [
                AccountHistoryObservation {
                    name: "protocol-reserve",
                    account: Account {
                        owner: Principal {
                            len: 10,
                            bytes: [
                                255,
                                255,
                                255,
                                255,
                                255,
                                224,
                                0,
                                0,
                                1,
                                1,
                                0,
                                0,
                                0,
                                0,
                                0,
                                0,
                                0,
                                0,
                                0,
                                0,
                                0,
                                0,
                                0,
                                0,
                                0,
                                0,
                                0,
                                0,
                                0,
                            ],
                        },
                        subaccount: Some(
                            Subaccount(
                                [
                                    1,
                                    1,
                                    1,
                                    1,
                                    1,
                                    1,
                                    1,
                                    1,
                                    1,
                                    1,
                                    1,
                                    1,
                                    1,
                                    1,
                                    1,
                                    1,
                                    1,
                                    1,
                                    1,
                                    1,
                                    1,
                                    1,
                                    1,
                                    1,
                                    1,
                                    1,
                                    1,
                                    1,
                                    1,
                                    1,
                                    1,
                                    1,
                                ],
                            ),
                        ),
                    },
                    index_balance_e8s: 10020000000,
                    newest_transaction_id: Some(
                        10,
                    ),
                    oldest_transaction_id: Some(
                        6,
                    ),
                    transactions: [
                        RecentTransaction {
                            block_index: 10,
                            kind: "transfer",
                            amount_e8s: Some(
                                20000000,
                            ),
                            from: Some(
                                Account {
                                    owner: Principal {
                                        len: 29,
                                        bytes: [
                                            82,
                                            207,
                                            39,
                                            96,
                                            53,
                                            121,
                                            47,
                                            155,
                                            16,
                                            194,
                                            77,
                                            104,
                                            255,
                                            21,
                                            204,
                                            132,
                                            136,
                                            68,
                                            226,
                                            126,
                                            181,
                                            161,
                                            140,
                                            222,
                                            237,
                                            160,
                                            131,
                                            182,
                                            2,
                                        ],
                                    },
                                    subaccount: None,
                                },
                            ),
                            to: Some(
                                Account {
                                    owner: Principal {
                                        len: 10,
                                        bytes: [
                                            255,
                                            255,
                                            255,
                                            255,
                                            255,
                                            224,
                                            0,
                                            0,
                                            1,
                                            1,
                                            0,
                                            0,
                                            0,
                                            0,
                                            0,
                                            0,
                                            0,
                                            0,
                                            0,
                                            0,
                                            0,
                                            0,
                                            0,
                                            0,
                                            0,
                                            0,
                                            0,
                                            0,
                                            0,
                                        ],
                                    },
                                    subaccount: Some(
                                        Subaccount(
                                            [
                                                1,
                                                1,
                                                1,
                                                1,
                                                1,
                                                1,
                                                1,
                                                1,
                                                1,
                                                1,
                                                1,
                                                1,
                                                1,
                                                1,
                                                1,
                                                1,
                                                1,
                                                1,
                                                1,
                                                1,
                                                1,
                                                1,
                                                1,
                                                1,
                                                1,
                                                1,
                                                1,
                                                1,
                                                1,
                                                1,
                                                1,
                                                1,
                                            ],
                                        ),
                                    ),
                                },
                            ),
                            timestamp_nanos: 1786738283535095542,
                        },
                        RecentTransaction {
                            block_index: 6,
                            kind: "transfer",
                            amount_e8s: Some(
                                10000000000,
                            ),
                            from: Some(
                                Account {
                                    owner: Principal {
                                        len: 10,
                                        bytes: [
                                            255,
                                            255,
                                            255,
                                            255,
                                            255,
                                            208,
                                            0,
                                            1,
                                            1,
                                            1,
                                            0,
                                            0,
                                            0,
                                            0,
                                            0,
                                            0,
                                            0,
                                            0,
                                            0,
                                            0,
                                            0,
                                            0,
                                            0,
                                            0,
                                            0,
                                            0,
                                            0,
                                            0,
                                            0,
                                        ],
                                    },
                                    subaccount: Some(
                                        Subaccount(
                                            [
                                                246,
                                                230,
                                                97,
                                                166,
                                                146,
                                                227,
                                                55,
                                                186,
                                                137,
                                                156,
                                                240,
                                                185,
                                                163,
                                                97,
                                                8,
                                                105,
                                                207,
                                                138,
                                                114,
                                                142,
                                                181,
                                                152,
                                                159,
                                                206,
                                                247,
                                                187,
                                                126,
                                                235,
                                                138,
                                                0,
                                                64,
                                                161,
                                            ],
                                        ),
                                    ),
                                },
                            ),
                            to: Some(
                                Account {
                                    owner: Principal {
                                        len: 10,
                                        bytes: [
                                            255,
                                            255,
                                            255,
                                            255,
                                            255,
                                            224,
                                            0,
                                            0,
                                            1,
                                            1,
                                            0,
                                            0,
                                            0,
                                            0,
                                            0,
                                            0,
                                            0,
                                            0,
                                            0,
                                            0,
                                            0,
                                            0,
                                            0,
                                            0,
                                            0,
                                            0,
                                            0,
                                            0,
                                            0,
                                        ],
                                    },
                                    subaccount: Some(
                                        Subaccount(
                                            [
                                                1,
                                                1,
                                                1,
                                                1,
                                                1,
                                                1,
                                                1,
                                                1,
                                                1,
                                                1,
                                                1,
                                                1,
                                                1,
                                                1,
                                                1,
                                                1,
                                                1,
                                                1,
                                                1,
                                                1,
                                                1,
                                                1,
                                                1,
                                                1,
                                                1,
                                                1,
                                                1,
                                                1,
                                                1,
                                                1,
                                                1,
                                                1,
                                            ],
                                        ),
                                    ),
                                },
                            ),
                            timestamp_nanos: 1786738269429685108,
                        },
                    ],
                },
                AccountHistoryObservation {
                    name: "sns-treasury",
                    account: Account {
                        owner: Principal {
                            len: 10,
                            bytes: [
                                255,
                                255,
                                255,
                                255,
                                255,
                                208,
                                0,
                                1,
                                1,
                                1,
                                0,
                                0,
                                0,
                                0,
                                0,
                                0,
                                0,
                                0,
                                0,
                                0,
                                0,
                                0,
                                0,
                                0,
                                0,
                                0,
                                0,
                                0,
                                0,
                            ],
                        },
                        subaccount: Some(
                            Subaccount(
                                [
                                    246,
                                    230,
                                    97,
                                    166,
                                    146,
                                    227,
                                    55,
                                    186,
                                    137,
                                    156,
                                    240,
                                    185,
                                    163,
                                    97,
                                    8,
                                    105,
                                    207,
                                    138,
                                    114,
                                    142,
                                    181,
                                    152,
                                    159,
                                    206,
                                    247,
                                    187,
                                    126,
                                    235,
                                    138,
                                    0,
                                    64,
                                    161,
                                ],
                            ),
                        ),
                    },
                    index_balance_e8s: 79989899980000,
                    newest_transaction_id: Some(
                        7,
                    ),
                    oldest_transaction_id: Some(
                        2,
                    ),
                    transactions: [
                        RecentTransaction {
                            block_index: 7,
                            kind: "transfer",
                            amount_e8s: Some(
                                100000000,
                            ),
                            from: Some(
                                Account {
                                    owner: Principal {
                                        len: 10,
                                        bytes: [
                                            255,
                                            255,
                                            255,
                                            255,
                                            255,
                                            208,
                                            0,
                                            1,
                                            1,
                                            1,
                                            0,
                                            0,
                                            0,
                                            0,
                                            0,
                                            0,
                                            0,
                                            0,
                                            0,
                                            0,
                                            0,
                                            0,
                                            0,
                                            0,
                                            0,
                                            0,
                                            0,
                                            0,
                                            0,
                                        ],
                                    },
                                    subaccount: Some(
                                        Subaccount(
                                            [
                                                246,
                                                230,
                                                97,
                                                166,
                                                146,
                                                227,
                                                55,
                                                186,
                                                137,
                                                156,
                                                240,
                                                185,
                                                163,
                                                97,
                                                8,
                                                105,
                                                207,
                                                138,
                                                114,
                                                142,
                                                181,
                                                152,
                                                159,
                                                206,
                                                247,
                                                187,
                                                126,
                                                235,
                                                138,
                                                0,
                                                64,
                                                161,
                                            ],
                                        ),
                                    ),
                                },
                            ),
                            to: Some(
                                Account {
                                    owner: Principal {
                                        len: 29,
                                        bytes: [
                                            82,
                                            207,
                                            39,
                                            96,
                                            53,
                                            121,
                                            47,
                                            155,
                                            16,
                                            194,
                                            77,
                                            104,
                                            255,
                                            21,
                                            204,
                                            132,
                                            136,
                                            68,
                                            226,
                                            126,
                                            181,
                                            161,
                                            140,
                                            222,
                                            237,
                                            160,
                                            131,
                                            182,
                                            2,
                                        ],
                                    },
                                    subaccount: None,
                                },
                            ),
                            timestamp_nanos: 1786738270169877296,
                        },
                        RecentTransaction {
                            block_index: 6,
                            kind: "transfer",
                            amount_e8s: Some(
                                10000000000,
                            ),
                            from: Some(
                                Account {
                                    owner: Principal {
                                        len: 10,
                                        bytes: [
                                            255,
                                            255,
                                            255,
                                            255,
                                            255,
                                            208,
                                            0,
                                            1,
                                            1,
                                            1,
                                            0,
                                            0,
                                            0,
                                            0,
                                            0,
                                            0,
                                            0,
                                            0,
                                            0,
                                            0,
                                            0,
                                            0,
                                            0,
                                            0,
                                            0,
                                            0,
                                            0,
                                            0,
                                            0,
                                        ],
                                    },
                                    subaccount: Some(
                                        Subaccount(
                                            [
                                                246,
                                                230,
                                                97,
                                                166,
                                                146,
                                                227,
                                                55,
                                                186,
                                                137,
                                                156,
                                                240,
                                                185,
                                                163,
                                                97,
                                                8,
                                                105,
                                                207,
                                                138,
                                                114,
                                                142,
                                                181,
                                                152,
                                                159,
                                                206,
                                                247,
                                                187,
                                                126,
                                                235,
                                                138,
                                                0,
                                                64,
                                                161,
                                            ],
                                        ),
                                    ),
                                },
                            ),
                            to: Some(
                                Account {
                                    owner: Principal {
                                        len: 10,
                                        bytes: [
                                            255,
                                            255,
                                            255,
                                            255,
                                            255,
                                            224,
                                            0,
                                            0,
                                            1,
                                            1,
                                            0,
                                            0,
                                            0,
                                            0,
                                            0,
                                            0,
                                            0,
                                            0,
                                            0,
                                            0,
                                            0,
                                            0,
                                            0,
                                            0,
                                            0,
                                            0,
                                            0,
                                            0,
                                            0,
                                        ],
                                    },
                                    subaccount: Some(
                                        Subaccount(
                                            [
                                                1,
                                                1,
                                                1,
                                                1,
                                                1,
                                                1,
                                                1,
                                                1,
                                                1,
                                                1,
                                                1,
                                                1,
                                                1,
                                                1,
                                                1,
                                                1,
                                                1,
                                                1,
                                                1,
                                                1,
                                                1,
                                                1,
                                                1,
                                                1,
                                                1,
                                                1,
                                                1,
                                                1,
                                                1,
                                                1,
                                                1,
                                                1,
                                            ],
                                        ),
                                    ),
                                },
                            ),
                            timestamp_nanos: 1786738269429685108,
                        },
                        RecentTransaction {
                            block_index: 2,
                            kind: "mint",
                            amount_e8s: Some(
                                80000000000000,
                            ),
                            from: None,
                            to: Some(
                                Account {
                                    owner: Principal {
                                        len: 10,
                                        bytes: [
                                            255,
                                            255,
                                            255,
                                            255,
                                            255,
                                            208,
                                            0,
                                            1,
                                            1,
                                            1,
                                            0,
                                            0,
                                            0,
                                            0,
                                            0,
                                            0,
                                            0,
                                            0,
                                            0,
                                            0,
                                            0,
                                            0,
                                            0,
                                            0,
                                            0,
                                            0,
                                            0,
                                            0,
                                            0,
                                        ],
                                    },
                                    subaccount: Some(
                                        Subaccount(
                                            [
                                                246,
                                                230,
                                                97,
                                                166,
                                                146,
                                                227,
                                                55,
                                                186,
                                                137,
                                                156,
                                                240,
                                                185,
                                                163,
                                                97,
                                                8,
                                                105,
                                                207,
                                                138,
                                                114,
                                                142,
                                                181,
                                                152,
                                                159,
                                                206,
                                                247,
                                                187,
                                                126,
                                                235,
                                                138,
                                                0,
                                                64,
                                                161,
                                            ],
                                        ),
                                    ),
                                },
                            ),
                            timestamp_nanos: 1786738082584045688,
                        },
                    ],
                },
            ],
            observed_at_timestamp_nanos: 1786824752096965914,
        },
    ),
}
command: env IO_POCKET_IC_SERVER_URL=http://127.0.0.1:8894 IO_POCKET_IC_INSTANCE_ID=0 IO_LOCAL_SNS_GOVERNANCE_ID=7uieb-cx777-77776-qaaaq-cai IO_LOCAL_STREAM_MANAGER_ID=lxzze-o7777-77777-aaaaa-cai IO_LOCAL_HISTORIAN_ID=lz3um-vp777-77777-aaaba-cai IO_LOCAL_HISTORIAN_SETTLE_SECONDS=60 IO_LOCAL_REWARD_ADVANCE_SECONDS=86400 IO_LOCAL_REWARD_RESUME=1 cargo run -p e2e-real-canisters --bin observe_existing_reward
exit_status=0
